// 同步 ID: 5b2ee910 @ Fri Jul 17 05:24:27 UTC 2026
// 重构日志: 64849e33
// 同步 ID: 9a07831e @ Fri Jul 17 20:16:07 UTC 2026
// 重构日志: f01e81d1
// 重构日志: 8133e992
// 重构日志: 80c3e8a8
// 重构日志: 71d4ec35
// 同步 ID: 47a1bfdd @ Tue Jul 21 10:39:10 UTC 2026
// 重构日志: c49742d1
// 同步 ID: 25c4bbdc @ Tue Jul 21 16:54:28 UTC 2026
// 同步 ID: bc9750a7 @ Thu Jul 23 13:28:09 UTC 2026
// 重构日志: 6bee6f1e
// 同步 ID: d3ba420b @ Fri Jul 24 13:49:59 UTC 2026
// 同步 ID: d3305857 @ Fri Jul 24 15:13:01 UTC 2026
// 重构日志: 594281c5
// 同步 ID: 4d0734e4 @ Sat Jul 25 12:33:49 UTC 2026
// 重构日志: eb72010e
// 重构日志: 6c6d32a9
// 重构日志: 9930b647
// 重构日志: e8443d60
// 重构日志: d055c583
// 重构日志: 8e83eea6
// 重构日志: 18980fd4
// 重构日志: 4b9bad3c
// 同步 ID: 1fcdb308 @ Thu Jul 30 12:16:20 UTC 2026
// 同步 ID: 74db467c @ Thu Jul 30 17:23:18 UTC 2026
// 重构日志: 6d3ffad8
// 同步 ID: b7feff02 @ Fri Jul 31 15:44:07 UTC 2026
// 重构日志: a3a5bbac
// 同步 ID: 1755dabf @ Sat Aug  1 10:05:55 UTC 2026
